// Vitest Snapshot v1, https://vitest.dev/guide/snapshot.html

exports[`Storage > clear > KeyStore.getKey() 1`] = `undefined`;

exports[`Storage > clear > Storage.get('ACCESS_TOKEN') 1`] = `null`;

exports[`Storage > clear > Storage.get('MENU_WIDTH') 1`] = `null`;

exports[`Storage > clear > Storage.get('THEME') 1`] = `null`;

exports[`Storage > clear > Storage.get('UPDATE_SEEN') 1`] = `null`;

exports[`Storage > clear > Storage.get('UPDATE_STRATEGY') 1`] = `null`;

exports[`Storage > clear > Storage.get('USERNAME') 1`] = `null`;

exports[`Storage > clear > allCalls 1`] = `[]`;

exports[`Storage > clear > document.body.outerHTML 1`] = `"<body class="theme--system"></body>"`;

exports[`Storage > clear > mockDb 1`] = `
{
  "deletedNotes": undefined,
  "encryptedNotes": [],
  "users": {
    "d": "1",
  },
}
`;

exports[`Storage > clear > noteState 1`] = `
{
  "extraSelectedNotes": [],
  "notes": [],
  "selectedNote": Note {
    "content": {
      "body": "",
      "delta": {
        "ops": [],
      },
      "title": "",
    },
    "timestamp": 0,
    "uuid": "uuid",
  },
}
`;

exports[`Storage > clear > openedPopup 1`] = `undefined`;

exports[`Storage > clear > selectedTheme 1`] = `"System"`;

exports[`Storage > clear > syncState 1`] = `
{
  "appError": AppError {
    "code": 0,
    "display": undefined,
    "message": undefined,
    "originalError": undefined,
    "retry": [Function],
    "retryConfig": undefined,
  },
  "encryptedNotesCache": Map {},
  "isLoggedIn": false,
  "loadingCount": 0,
  "newPassword": "",
  "password": "",
  "unsyncedNotes": UnsyncedNotesManager {
    "deleted": [],
    "edited": Set {},
    "new": "",
  },
  "username": "",
}
`;

exports[`Storage > clear > updateState 1`] = `
{
  "isAvailable": false,
  "isDownloading": false,
  "strategy": "manual",
}
`;

exports[`Storage > get/set > KeyStore.getKey() 1`] = `undefined`;

exports[`Storage > get/set > Storage.get('ACCESS_TOKEN') 1`] = `null`;

exports[`Storage > get/set > Storage.get('MENU_WIDTH') 1`] = `null`;

exports[`Storage > get/set > Storage.get('THEME') 1`] = `null`;

exports[`Storage > get/set > Storage.get('UPDATE_SEEN') 1`] = `null`;

exports[`Storage > get/set > Storage.get('UPDATE_STRATEGY') 1`] = `null`;

exports[`Storage > get/set > Storage.get('USERNAME') 1`] = `"d"`;

exports[`Storage > get/set > allCalls 1`] = `[]`;

exports[`Storage > get/set > document.body.outerHTML 1`] = `"<body class="theme--system"></body>"`;

exports[`Storage > get/set > mockDb 1`] = `
{
  "deletedNotes": undefined,
  "encryptedNotes": [],
  "users": {
    "d": "1",
  },
}
`;

exports[`Storage > get/set > noteState 1`] = `
{
  "extraSelectedNotes": [],
  "notes": [],
  "selectedNote": Note {
    "content": {
      "body": "",
      "delta": {
        "ops": [],
      },
      "title": "",
    },
    "timestamp": 0,
    "uuid": "uuid",
  },
}
`;

exports[`Storage > get/set > openedPopup 1`] = `undefined`;

exports[`Storage > get/set > selectedTheme 1`] = `"System"`;

exports[`Storage > get/set > syncState 1`] = `
{
  "appError": AppError {
    "code": 0,
    "display": undefined,
    "message": undefined,
    "originalError": undefined,
    "retry": [Function],
    "retryConfig": undefined,
  },
  "encryptedNotesCache": Map {},
  "isLoggedIn": false,
  "loadingCount": 0,
  "newPassword": "",
  "password": "",
  "unsyncedNotes": UnsyncedNotesManager {
    "deleted": [],
    "edited": Set {},
    "new": "",
  },
  "username": "",
}
`;

exports[`Storage > get/set > updateState 1`] = `
{
  "isAvailable": false,
  "isDownloading": false,
  "strategy": "manual",
}
`;

exports[`Storage > remove > KeyStore.getKey() 1`] = `undefined`;

exports[`Storage > remove > Storage.get('ACCESS_TOKEN') 1`] = `null`;

exports[`Storage > remove > Storage.get('MENU_WIDTH') 1`] = `null`;

exports[`Storage > remove > Storage.get('THEME') 1`] = `null`;

exports[`Storage > remove > Storage.get('UPDATE_SEEN') 1`] = `null`;

exports[`Storage > remove > Storage.get('UPDATE_STRATEGY') 1`] = `null`;

exports[`Storage > remove > Storage.get('USERNAME') 1`] = `null`;

exports[`Storage > remove > allCalls 1`] = `[]`;

exports[`Storage > remove > document.body.outerHTML 1`] = `"<body class="theme--system"></body>"`;

exports[`Storage > remove > mockDb 1`] = `
{
  "deletedNotes": undefined,
  "encryptedNotes": [],
  "users": {
    "d": "1",
  },
}
`;

exports[`Storage > remove > noteState 1`] = `
{
  "extraSelectedNotes": [],
  "notes": [],
  "selectedNote": Note {
    "content": {
      "body": "",
      "delta": {
        "ops": [],
      },
      "title": "",
    },
    "timestamp": 0,
    "uuid": "uuid",
  },
}
`;

exports[`Storage > remove > openedPopup 1`] = `undefined`;

exports[`Storage > remove > selectedTheme 1`] = `"System"`;

exports[`Storage > remove > syncState 1`] = `
{
  "appError": AppError {
    "code": 0,
    "display": undefined,
    "message": undefined,
    "originalError": undefined,
    "retry": [Function],
    "retryConfig": undefined,
  },
  "encryptedNotesCache": Map {},
  "isLoggedIn": false,
  "loadingCount": 0,
  "newPassword": "",
  "password": "",
  "unsyncedNotes": UnsyncedNotesManager {
    "deleted": [],
    "edited": Set {},
    "new": "",
  },
  "username": "",
}
`;

exports[`Storage > remove > updateState 1`] = `
{
  "isAvailable": false,
  "isDownloading": false,
  "strategy": "manual",
}
`;

exports[`Storage > setJSON/getJSON > KeyStore.getKey() 1`] = `undefined`;

exports[`Storage > setJSON/getJSON > Storage.get('ACCESS_TOKEN') 1`] = `null`;

exports[`Storage > setJSON/getJSON > Storage.get('MENU_WIDTH') 1`] = `null`;

exports[`Storage > setJSON/getJSON > Storage.get('THEME') 1`] = `null`;

exports[`Storage > setJSON/getJSON > Storage.get('UPDATE_SEEN') 1`] = `null`;

exports[`Storage > setJSON/getJSON > Storage.get('UPDATE_STRATEGY') 1`] = `null`;

exports[`Storage > setJSON/getJSON > Storage.get('USERNAME') 1`] = `null`;

exports[`Storage > setJSON/getJSON > allCalls 1`] = `[]`;

exports[`Storage > setJSON/getJSON > document.body.outerHTML 1`] = `"<body class="theme--system"></body>"`;

exports[`Storage > setJSON/getJSON > mockDb 1`] = `
{
  "deletedNotes": undefined,
  "encryptedNotes": [],
  "users": {
    "d": "1",
  },
}
`;

exports[`Storage > setJSON/getJSON > noteState 1`] = `
{
  "extraSelectedNotes": [],
  "notes": [],
  "selectedNote": Note {
    "content": {
      "body": "",
      "delta": {
        "ops": [],
      },
      "title": "",
    },
    "timestamp": 0,
    "uuid": "uuid",
  },
}
`;

exports[`Storage > setJSON/getJSON > openedPopup 1`] = `undefined`;

exports[`Storage > setJSON/getJSON > selectedTheme 1`] = `"System"`;

exports[`Storage > setJSON/getJSON > syncState 1`] = `
{
  "appError": AppError {
    "code": 0,
    "display": undefined,
    "message": undefined,
    "originalError": undefined,
    "retry": [Function],
    "retryConfig": undefined,
  },
  "encryptedNotesCache": Map {},
  "isLoggedIn": false,
  "loadingCount": 0,
  "newPassword": "",
  "password": "",
  "unsyncedNotes": UnsyncedNotesManager {
    "deleted": [],
    "edited": Set {},
    "new": "",
  },
  "username": "",
}
`;

exports[`Storage > setJSON/getJSON > updateState 1`] = `
{
  "isAvailable": false,
  "isDownloading": false,
  "strategy": "manual",
}
`;
