// Vitest Snapshot v1, https://vitest.dev/guide/snapshot.html

exports[`UnsyncedNotesManager > Initializes empty when no storage > KeyStore.getKey() 1`] = `undefined`;

exports[`UnsyncedNotesManager > Initializes empty when no storage > Storage.get('MENU_WIDTH') 1`] = `null`;

exports[`UnsyncedNotesManager > Initializes empty when no storage > Storage.get('THEME') 1`] = `null`;

exports[`UnsyncedNotesManager > Initializes empty when no storage > Storage.get('UPDATE_SEEN') 1`] = `null`;

exports[`UnsyncedNotesManager > Initializes empty when no storage > Storage.get('UPDATE_STRATEGY') 1`] = `null`;

exports[`UnsyncedNotesManager > Initializes empty when no storage > Storage.get('USERNAME') 1`] = `null`;

exports[`UnsyncedNotesManager > Initializes empty when no storage > allCalls 1`] = `[]`;

exports[`UnsyncedNotesManager > Initializes empty when no storage > document.body.outerHTML 1`] = `"<body class="theme--system"></body>"`;

exports[`UnsyncedNotesManager > Initializes empty when no storage > mockDb 1`] = `
{
  "deletedNotes": undefined,
  "encryptedNotes": [],
  "users": {
    "d": "1",
  },
}
`;

exports[`UnsyncedNotesManager > Initializes empty when no storage > noteState 1`] = `
{
  "extraSelectedNotes": [],
  "notes": [],
  "selectedNote": {
    "content": {
      "body": "",
      "delta": {
        "ops": [],
      },
      "title": "",
    },
    "id": "id",
    "timestamp": 0,
  },
}
`;

exports[`UnsyncedNotesManager > Initializes empty when no storage > openedPopup 1`] = `undefined`;

exports[`UnsyncedNotesManager > Initializes empty when no storage > selectedTheme 1`] = `"System"`;

exports[`UnsyncedNotesManager > Initializes empty when no storage > syncState 1`] = `
{
  "appError": AppError {
    "code": 0,
    "display": undefined,
    "message": undefined,
    "originalError": undefined,
    "retry": [Function],
    "retryConfig": undefined,
  },
  "encryptedNotesCache": Map {},
  "isLoggedIn": false,
  "loadingCount": 0,
  "newPassword": "",
  "password": "",
  "unsyncedNotes": UnsyncedNotesManager {
    "deleted": [],
    "edited": Set {},
    "new": "",
  },
  "username": "",
}
`;

exports[`UnsyncedNotesManager > Initializes empty when no storage > updateState 1`] = `
{
  "isAvailable": false,
  "isDownloading": false,
  "strategy": "manual",
}
`;

exports[`UnsyncedNotesManager > Initializes with contents from storage > KeyStore.getKey() 1`] = `undefined`;

exports[`UnsyncedNotesManager > Initializes with contents from storage > Storage.get('MENU_WIDTH') 1`] = `null`;

exports[`UnsyncedNotesManager > Initializes with contents from storage > Storage.get('THEME') 1`] = `null`;

exports[`UnsyncedNotesManager > Initializes with contents from storage > Storage.get('UPDATE_SEEN') 1`] = `null`;

exports[`UnsyncedNotesManager > Initializes with contents from storage > Storage.get('UPDATE_STRATEGY') 1`] = `null`;

exports[`UnsyncedNotesManager > Initializes with contents from storage > Storage.get('USERNAME') 1`] = `null`;

exports[`UnsyncedNotesManager > Initializes with contents from storage > allCalls 1`] = `[]`;

exports[`UnsyncedNotesManager > Initializes with contents from storage > document.body.outerHTML 1`] = `"<body class="theme--system"></body>"`;

exports[`UnsyncedNotesManager > Initializes with contents from storage > mockDb 1`] = `
{
  "deletedNotes": undefined,
  "encryptedNotes": [],
  "users": {
    "d": "1",
  },
}
`;

exports[`UnsyncedNotesManager > Initializes with contents from storage > noteState 1`] = `
{
  "extraSelectedNotes": [],
  "notes": [],
  "selectedNote": {
    "content": {
      "body": "",
      "delta": {
        "ops": [],
      },
      "title": "",
    },
    "id": "id",
    "timestamp": 0,
  },
}
`;

exports[`UnsyncedNotesManager > Initializes with contents from storage > openedPopup 1`] = `undefined`;

exports[`UnsyncedNotesManager > Initializes with contents from storage > selectedTheme 1`] = `"System"`;

exports[`UnsyncedNotesManager > Initializes with contents from storage > syncState 1`] = `
{
  "appError": AppError {
    "code": 0,
    "display": undefined,
    "message": undefined,
    "originalError": undefined,
    "retry": [Function],
    "retryConfig": undefined,
  },
  "encryptedNotesCache": Map {},
  "isLoggedIn": false,
  "loadingCount": 0,
  "newPassword": "",
  "password": "",
  "unsyncedNotes": UnsyncedNotesManager {
    "deleted": [],
    "edited": Set {},
    "new": "",
  },
  "username": "",
}
`;

exports[`UnsyncedNotesManager > Initializes with contents from storage > updateState 1`] = `
{
  "isAvailable": false,
  "isDownloading": false,
  "strategy": "manual",
}
`;

exports[`UnsyncedNotesManager > clear > Clears edited and deleted > KeyStore.getKey() 1`] = `undefined`;

exports[`UnsyncedNotesManager > clear > Clears edited and deleted > Storage.get('MENU_WIDTH') 1`] = `null`;

exports[`UnsyncedNotesManager > clear > Clears edited and deleted > Storage.get('THEME') 1`] = `null`;

exports[`UnsyncedNotesManager > clear > Clears edited and deleted > Storage.get('UPDATE_SEEN') 1`] = `null`;

exports[`UnsyncedNotesManager > clear > Clears edited and deleted > Storage.get('UPDATE_STRATEGY') 1`] = `null`;

exports[`UnsyncedNotesManager > clear > Clears edited and deleted > Storage.get('USERNAME') 1`] = `null`;

exports[`UnsyncedNotesManager > clear > Clears edited and deleted > allCalls 1`] = `[]`;

exports[`UnsyncedNotesManager > clear > Clears edited and deleted > document.body.outerHTML 1`] = `"<body class="theme--system"></body>"`;

exports[`UnsyncedNotesManager > clear > Clears edited and deleted > mockDb 1`] = `
{
  "deletedNotes": undefined,
  "encryptedNotes": [],
  "users": {
    "d": "1",
  },
}
`;

exports[`UnsyncedNotesManager > clear > Clears edited and deleted > noteState 1`] = `
{
  "extraSelectedNotes": [],
  "notes": [],
  "selectedNote": {
    "content": {
      "body": "",
      "delta": {
        "ops": [],
      },
      "title": "",
    },
    "id": "id",
    "timestamp": 0,
  },
}
`;

exports[`UnsyncedNotesManager > clear > Clears edited and deleted > openedPopup 1`] = `undefined`;

exports[`UnsyncedNotesManager > clear > Clears edited and deleted > selectedTheme 1`] = `"System"`;

exports[`UnsyncedNotesManager > clear > Clears edited and deleted > syncState 1`] = `
{
  "appError": AppError {
    "code": 0,
    "display": undefined,
    "message": undefined,
    "originalError": undefined,
    "retry": [Function],
    "retryConfig": undefined,
  },
  "encryptedNotesCache": Map {},
  "isLoggedIn": false,
  "loadingCount": 0,
  "newPassword": "",
  "password": "",
  "unsyncedNotes": UnsyncedNotesManager {
    "deleted": [],
    "edited": Set {},
    "new": "",
  },
  "username": "",
}
`;

exports[`UnsyncedNotesManager > clear > Clears edited and deleted > updateState 1`] = `
{
  "isAvailable": false,
  "isDownloading": false,
  "strategy": "manual",
}
`;

exports[`UnsyncedNotesManager > clear > Clears new, edited, and deleted > KeyStore.getKey() 1`] = `undefined`;

exports[`UnsyncedNotesManager > clear > Clears new, edited, and deleted > Storage.get('MENU_WIDTH') 1`] = `null`;

exports[`UnsyncedNotesManager > clear > Clears new, edited, and deleted > Storage.get('THEME') 1`] = `null`;

exports[`UnsyncedNotesManager > clear > Clears new, edited, and deleted > Storage.get('UPDATE_SEEN') 1`] = `null`;

exports[`UnsyncedNotesManager > clear > Clears new, edited, and deleted > Storage.get('UPDATE_STRATEGY') 1`] = `null`;

exports[`UnsyncedNotesManager > clear > Clears new, edited, and deleted > Storage.get('USERNAME') 1`] = `null`;

exports[`UnsyncedNotesManager > clear > Clears new, edited, and deleted > allCalls 1`] = `[]`;

exports[`UnsyncedNotesManager > clear > Clears new, edited, and deleted > document.body.outerHTML 1`] = `"<body class="theme--system"></body>"`;

exports[`UnsyncedNotesManager > clear > Clears new, edited, and deleted > mockDb 1`] = `
{
  "deletedNotes": undefined,
  "encryptedNotes": [],
  "users": {
    "d": "1",
  },
}
`;

exports[`UnsyncedNotesManager > clear > Clears new, edited, and deleted > noteState 1`] = `
{
  "extraSelectedNotes": [],
  "notes": [],
  "selectedNote": {
    "content": {
      "body": "",
      "delta": {
        "ops": [],
      },
      "title": "",
    },
    "id": "id",
    "timestamp": 0,
  },
}
`;

exports[`UnsyncedNotesManager > clear > Clears new, edited, and deleted > openedPopup 1`] = `undefined`;

exports[`UnsyncedNotesManager > clear > Clears new, edited, and deleted > selectedTheme 1`] = `"System"`;

exports[`UnsyncedNotesManager > clear > Clears new, edited, and deleted > syncState 1`] = `
{
  "appError": AppError {
    "code": 0,
    "display": undefined,
    "message": undefined,
    "originalError": undefined,
    "retry": [Function],
    "retryConfig": undefined,
  },
  "encryptedNotesCache": Map {},
  "isLoggedIn": false,
  "loadingCount": 0,
  "newPassword": "",
  "password": "",
  "unsyncedNotes": UnsyncedNotesManager {
    "deleted": [],
    "edited": Set {},
    "new": "",
  },
  "username": "",
}
`;

exports[`UnsyncedNotesManager > clear > Clears new, edited, and deleted > updateState 1`] = `
{
  "isAvailable": false,
  "isDownloading": false,
  "strategy": "manual",
}
`;

exports[`UnsyncedNotesManager > set > Removes edited note if also deleted > KeyStore.getKey() 1`] = `undefined`;

exports[`UnsyncedNotesManager > set > Removes edited note if also deleted > Storage.get('MENU_WIDTH') 1`] = `null`;

exports[`UnsyncedNotesManager > set > Removes edited note if also deleted > Storage.get('THEME') 1`] = `null`;

exports[`UnsyncedNotesManager > set > Removes edited note if also deleted > Storage.get('UPDATE_SEEN') 1`] = `null`;

exports[`UnsyncedNotesManager > set > Removes edited note if also deleted > Storage.get('UPDATE_STRATEGY') 1`] = `null`;

exports[`UnsyncedNotesManager > set > Removes edited note if also deleted > Storage.get('USERNAME') 1`] = `null`;

exports[`UnsyncedNotesManager > set > Removes edited note if also deleted > allCalls 1`] = `[]`;

exports[`UnsyncedNotesManager > set > Removes edited note if also deleted > document.body.outerHTML 1`] = `"<body class="theme--system"></body>"`;

exports[`UnsyncedNotesManager > set > Removes edited note if also deleted > mockDb 1`] = `
{
  "deletedNotes": undefined,
  "encryptedNotes": [],
  "users": {
    "d": "1",
  },
}
`;

exports[`UnsyncedNotesManager > set > Removes edited note if also deleted > noteState 1`] = `
{
  "extraSelectedNotes": [],
  "notes": [],
  "selectedNote": {
    "content": {
      "body": "",
      "delta": {
        "ops": [],
      },
      "title": "",
    },
    "id": "id",
    "timestamp": 0,
  },
}
`;

exports[`UnsyncedNotesManager > set > Removes edited note if also deleted > openedPopup 1`] = `undefined`;

exports[`UnsyncedNotesManager > set > Removes edited note if also deleted > selectedTheme 1`] = `"System"`;

exports[`UnsyncedNotesManager > set > Removes edited note if also deleted > syncState 1`] = `
{
  "appError": AppError {
    "code": 0,
    "display": undefined,
    "message": undefined,
    "originalError": undefined,
    "retry": [Function],
    "retryConfig": undefined,
  },
  "encryptedNotesCache": Map {},
  "isLoggedIn": false,
  "loadingCount": 0,
  "newPassword": "",
  "password": "",
  "unsyncedNotes": UnsyncedNotesManager {
    "deleted": [],
    "edited": Set {},
    "new": "",
  },
  "username": "",
}
`;

exports[`UnsyncedNotesManager > set > Removes edited note if also deleted > updateState 1`] = `
{
  "isAvailable": false,
  "isDownloading": false,
  "strategy": "manual",
}
`;

exports[`UnsyncedNotesManager > set > Resets new if in edited or deleted > KeyStore.getKey() 1`] = `undefined`;

exports[`UnsyncedNotesManager > set > Resets new if in edited or deleted > Storage.get('MENU_WIDTH') 1`] = `null`;

exports[`UnsyncedNotesManager > set > Resets new if in edited or deleted > Storage.get('THEME') 1`] = `null`;

exports[`UnsyncedNotesManager > set > Resets new if in edited or deleted > Storage.get('UPDATE_SEEN') 1`] = `null`;

exports[`UnsyncedNotesManager > set > Resets new if in edited or deleted > Storage.get('UPDATE_STRATEGY') 1`] = `null`;

exports[`UnsyncedNotesManager > set > Resets new if in edited or deleted > Storage.get('USERNAME') 1`] = `null`;

exports[`UnsyncedNotesManager > set > Resets new if in edited or deleted > allCalls 1`] = `[]`;

exports[`UnsyncedNotesManager > set > Resets new if in edited or deleted > document.body.outerHTML 1`] = `"<body class="theme--system"></body>"`;

exports[`UnsyncedNotesManager > set > Resets new if in edited or deleted > mockDb 1`] = `
{
  "deletedNotes": undefined,
  "encryptedNotes": [],
  "users": {
    "d": "1",
  },
}
`;

exports[`UnsyncedNotesManager > set > Resets new if in edited or deleted > noteState 1`] = `
{
  "extraSelectedNotes": [],
  "notes": [],
  "selectedNote": {
    "content": {
      "body": "",
      "delta": {
        "ops": [],
      },
      "title": "",
    },
    "id": "id",
    "timestamp": 0,
  },
}
`;

exports[`UnsyncedNotesManager > set > Resets new if in edited or deleted > openedPopup 1`] = `undefined`;

exports[`UnsyncedNotesManager > set > Resets new if in edited or deleted > selectedTheme 1`] = `"System"`;

exports[`UnsyncedNotesManager > set > Resets new if in edited or deleted > syncState 1`] = `
{
  "appError": AppError {
    "code": 0,
    "display": undefined,
    "message": undefined,
    "originalError": undefined,
    "retry": [Function],
    "retryConfig": undefined,
  },
  "encryptedNotesCache": Map {},
  "isLoggedIn": false,
  "loadingCount": 0,
  "newPassword": "",
  "password": "",
  "unsyncedNotes": UnsyncedNotesManager {
    "deleted": [],
    "edited": Set {},
    "new": "",
  },
  "username": "",
}
`;

exports[`UnsyncedNotesManager > set > Resets new if in edited or deleted > updateState 1`] = `
{
  "isAvailable": false,
  "isDownloading": false,
  "strategy": "manual",
}
`;

exports[`UnsyncedNotesManager > set > Updates new, edited, and deleted > KeyStore.getKey() 1`] = `undefined`;

exports[`UnsyncedNotesManager > set > Updates new, edited, and deleted > Storage.get('MENU_WIDTH') 1`] = `null`;

exports[`UnsyncedNotesManager > set > Updates new, edited, and deleted > Storage.get('THEME') 1`] = `null`;

exports[`UnsyncedNotesManager > set > Updates new, edited, and deleted > Storage.get('UPDATE_SEEN') 1`] = `null`;

exports[`UnsyncedNotesManager > set > Updates new, edited, and deleted > Storage.get('UPDATE_STRATEGY') 1`] = `null`;

exports[`UnsyncedNotesManager > set > Updates new, edited, and deleted > Storage.get('USERNAME') 1`] = `null`;

exports[`UnsyncedNotesManager > set > Updates new, edited, and deleted > allCalls 1`] = `[]`;

exports[`UnsyncedNotesManager > set > Updates new, edited, and deleted > document.body.outerHTML 1`] = `"<body class="theme--system"></body>"`;

exports[`UnsyncedNotesManager > set > Updates new, edited, and deleted > mockDb 1`] = `
{
  "deletedNotes": undefined,
  "encryptedNotes": [],
  "users": {
    "d": "1",
  },
}
`;

exports[`UnsyncedNotesManager > set > Updates new, edited, and deleted > noteState 1`] = `
{
  "extraSelectedNotes": [],
  "notes": [],
  "selectedNote": {
    "content": {
      "body": "",
      "delta": {
        "ops": [],
      },
      "title": "",
    },
    "id": "id",
    "timestamp": 0,
  },
}
`;

exports[`UnsyncedNotesManager > set > Updates new, edited, and deleted > openedPopup 1`] = `undefined`;

exports[`UnsyncedNotesManager > set > Updates new, edited, and deleted > selectedTheme 1`] = `"System"`;

exports[`UnsyncedNotesManager > set > Updates new, edited, and deleted > syncState 1`] = `
{
  "appError": AppError {
    "code": 0,
    "display": undefined,
    "message": undefined,
    "originalError": undefined,
    "retry": [Function],
    "retryConfig": undefined,
  },
  "encryptedNotesCache": Map {},
  "isLoggedIn": false,
  "loadingCount": 0,
  "newPassword": "",
  "password": "",
  "unsyncedNotes": UnsyncedNotesManager {
    "deleted": [],
    "edited": Set {},
    "new": "",
  },
  "username": "",
}
`;

exports[`UnsyncedNotesManager > set > Updates new, edited, and deleted > updateState 1`] = `
{
  "isAvailable": false,
  "isDownloading": false,
  "strategy": "manual",
}
`;

exports[`UnsyncedNotesManager > size > KeyStore.getKey() 1`] = `undefined`;

exports[`UnsyncedNotesManager > size > Storage.get('MENU_WIDTH') 1`] = `null`;

exports[`UnsyncedNotesManager > size > Storage.get('THEME') 1`] = `null`;

exports[`UnsyncedNotesManager > size > Storage.get('UPDATE_SEEN') 1`] = `null`;

exports[`UnsyncedNotesManager > size > Storage.get('UPDATE_STRATEGY') 1`] = `null`;

exports[`UnsyncedNotesManager > size > Storage.get('USERNAME') 1`] = `null`;

exports[`UnsyncedNotesManager > size > allCalls 1`] = `[]`;

exports[`UnsyncedNotesManager > size > document.body.outerHTML 1`] = `"<body class="theme--system"></body>"`;

exports[`UnsyncedNotesManager > size > mockDb 1`] = `
{
  "deletedNotes": undefined,
  "encryptedNotes": [],
  "users": {
    "d": "1",
  },
}
`;

exports[`UnsyncedNotesManager > size > noteState 1`] = `
{
  "extraSelectedNotes": [],
  "notes": [],
  "selectedNote": {
    "content": {
      "body": "",
      "delta": {
        "ops": [],
      },
      "title": "",
    },
    "id": "id",
    "timestamp": 0,
  },
}
`;

exports[`UnsyncedNotesManager > size > openedPopup 1`] = `undefined`;

exports[`UnsyncedNotesManager > size > selectedTheme 1`] = `"System"`;

exports[`UnsyncedNotesManager > size > syncState 1`] = `
{
  "appError": AppError {
    "code": 0,
    "display": undefined,
    "message": undefined,
    "originalError": undefined,
    "retry": [Function],
    "retryConfig": undefined,
  },
  "encryptedNotesCache": Map {},
  "isLoggedIn": false,
  "loadingCount": 0,
  "newPassword": "",
  "password": "",
  "unsyncedNotes": UnsyncedNotesManager {
    "deleted": [],
    "edited": Set {},
    "new": "",
  },
  "username": "",
}
`;

exports[`UnsyncedNotesManager > size > updateState 1`] = `
{
  "isAvailable": false,
  "isDownloading": false,
  "strategy": "manual",
}
`;

exports[`UnsyncedNotesManager > store > Removes UNSYNCED if empty > KeyStore.getKey() 1`] = `undefined`;

exports[`UnsyncedNotesManager > store > Removes UNSYNCED if empty > Storage.get('MENU_WIDTH') 1`] = `null`;

exports[`UnsyncedNotesManager > store > Removes UNSYNCED if empty > Storage.get('THEME') 1`] = `null`;

exports[`UnsyncedNotesManager > store > Removes UNSYNCED if empty > Storage.get('UPDATE_SEEN') 1`] = `null`;

exports[`UnsyncedNotesManager > store > Removes UNSYNCED if empty > Storage.get('UPDATE_STRATEGY') 1`] = `null`;

exports[`UnsyncedNotesManager > store > Removes UNSYNCED if empty > Storage.get('USERNAME') 1`] = `null`;

exports[`UnsyncedNotesManager > store > Removes UNSYNCED if empty > allCalls 1`] = `[]`;

exports[`UnsyncedNotesManager > store > Removes UNSYNCED if empty > document.body.outerHTML 1`] = `"<body class="theme--system"></body>"`;

exports[`UnsyncedNotesManager > store > Removes UNSYNCED if empty > mockDb 1`] = `
{
  "deletedNotes": undefined,
  "encryptedNotes": [],
  "users": {
    "d": "1",
  },
}
`;

exports[`UnsyncedNotesManager > store > Removes UNSYNCED if empty > noteState 1`] = `
{
  "extraSelectedNotes": [],
  "notes": [],
  "selectedNote": {
    "content": {
      "body": "",
      "delta": {
        "ops": [],
      },
      "title": "",
    },
    "id": "id",
    "timestamp": 0,
  },
}
`;

exports[`UnsyncedNotesManager > store > Removes UNSYNCED if empty > openedPopup 1`] = `undefined`;

exports[`UnsyncedNotesManager > store > Removes UNSYNCED if empty > selectedTheme 1`] = `"System"`;

exports[`UnsyncedNotesManager > store > Removes UNSYNCED if empty > syncState 1`] = `
{
  "appError": AppError {
    "code": 0,
    "display": undefined,
    "message": undefined,
    "originalError": undefined,
    "retry": [Function],
    "retryConfig": undefined,
  },
  "encryptedNotesCache": Map {},
  "isLoggedIn": false,
  "loadingCount": 0,
  "newPassword": "",
  "password": "",
  "unsyncedNotes": UnsyncedNotesManager {
    "deleted": [],
    "edited": Set {},
    "new": "",
  },
  "username": "",
}
`;

exports[`UnsyncedNotesManager > store > Removes UNSYNCED if empty > updateState 1`] = `
{
  "isAvailable": false,
  "isDownloading": false,
  "strategy": "manual",
}
`;

exports[`UnsyncedNotesManager > store > Sets UNSYNCED if not empty > KeyStore.getKey() 1`] = `undefined`;

exports[`UnsyncedNotesManager > store > Sets UNSYNCED if not empty > Storage.get('MENU_WIDTH') 1`] = `null`;

exports[`UnsyncedNotesManager > store > Sets UNSYNCED if not empty > Storage.get('THEME') 1`] = `null`;

exports[`UnsyncedNotesManager > store > Sets UNSYNCED if not empty > Storage.get('UPDATE_SEEN') 1`] = `null`;

exports[`UnsyncedNotesManager > store > Sets UNSYNCED if not empty > Storage.get('UPDATE_STRATEGY') 1`] = `null`;

exports[`UnsyncedNotesManager > store > Sets UNSYNCED if not empty > Storage.get('USERNAME') 1`] = `null`;

exports[`UnsyncedNotesManager > store > Sets UNSYNCED if not empty > allCalls 1`] = `[]`;

exports[`UnsyncedNotesManager > store > Sets UNSYNCED if not empty > document.body.outerHTML 1`] = `"<body class="theme--system"></body>"`;

exports[`UnsyncedNotesManager > store > Sets UNSYNCED if not empty > mockDb 1`] = `
{
  "deletedNotes": undefined,
  "encryptedNotes": [],
  "users": {
    "d": "1",
  },
}
`;

exports[`UnsyncedNotesManager > store > Sets UNSYNCED if not empty > noteState 1`] = `
{
  "extraSelectedNotes": [],
  "notes": [],
  "selectedNote": {
    "content": {
      "body": "",
      "delta": {
        "ops": [],
      },
      "title": "",
    },
    "id": "id",
    "timestamp": 0,
  },
}
`;

exports[`UnsyncedNotesManager > store > Sets UNSYNCED if not empty > openedPopup 1`] = `undefined`;

exports[`UnsyncedNotesManager > store > Sets UNSYNCED if not empty > selectedTheme 1`] = `"System"`;

exports[`UnsyncedNotesManager > store > Sets UNSYNCED if not empty > syncState 1`] = `
{
  "appError": AppError {
    "code": 0,
    "display": undefined,
    "message": undefined,
    "originalError": undefined,
    "retry": [Function],
    "retryConfig": undefined,
  },
  "encryptedNotesCache": Map {},
  "isLoggedIn": false,
  "loadingCount": 0,
  "newPassword": "",
  "password": "",
  "unsyncedNotes": UnsyncedNotesManager {
    "deleted": [],
    "edited": Set {},
    "new": "",
  },
  "username": "",
}
`;

exports[`UnsyncedNotesManager > store > Sets UNSYNCED if not empty > updateState 1`] = `
{
  "isAvailable": false,
  "isDownloading": false,
  "strategy": "manual",
}
`;
